[13148888a.site123.me/index.html]
[cdn-cms-s.f-static.com/manager/site123_website/files/logos/brand_files/favicon-blued7a4.png]
[backblue.gif]
[fade.gif]
[index.html]
[cdn-cms-s.f-static.com/versions/2/css/minimized7a4.css]
[cdn-cms-s.f-static.com/versions/2/css/websiteCSSc28d.css]
[cdn-cms.f-static.com/uploads/1314895/400_5b55ca08e80db.png]
[cdn-cms.f-static.com/uploads/1314895/800_5b55ca824bddf.jpg]
[13148888a.site123.me/projects/churn-prediction.html]
[cdn-cms-s.f-static.com/manager/site123_website/files/logos/brand_files/png-whited7a4.png]
[13148888a.site123.me/site123.me]
[13148888a.site123.me/index.html]
[cdn-cms-s.f-static.com/versions/2/css/fonts/slick.a.delayed]
[cdn-cms-s.f-static.com/files/vendor/slick-1.8.1/slick/ajax-loader.gif]
[cdn-cms-s.f-static.com/versions/2/css/fonts/slickd41d.eot]
[cdn-cms-s.f-static.com/versions/2/css/fonts/slick.woff]
[cdn-cms-s.f-static.com/versions/2/css/fonts/slick.ttf]
[cdn-cms-s.f-static.com/versions/2/css/fonts/slick.svg]
[cdn-cms-s.f-static.com/versions/2/css/owl.video.play.png]
[cdn-cms-s.f-static.com/files/colorbox/images/overlay.png]
[cdn-cms-s.f-static.com/files/colorbox/images/controls.png]
[cdn-cms-s.f-static.com/files/colorbox/images/border.png]
[cdn-cms-s.f-static.com/files/colorbox/images/loading_background.html]
[cdn-cms-s.f-static.com/files/colorbox/images/loading.html]
[cdn-cms-s.f-static.com/files/gritter/images/ie-spacer.gif]
[cdn-cms-s.f-static.com/files/gritter/images/gritter.png]
[cdn-cms-s.f-static.com/files/gritter/images/gritter-light.png]
[cdn-cms-s.f-static.com/versions/2/css/minimized7a4.css]
[cdn-cms.f-static.com/uploads/1314895/2000_5b55cdb7bb782.jpg]
[cdn-cms-s.f-static.com/files/frameworks/intl-tel-input-8.5.2/build/img/flags.png]
[cdn-cms-s.f-static.com/versions/2/css/websiteCSSc28d.css]
[cdn-cms-s.f-static.com/manager/site123_website/files/logos/brand_files/favicon-blue6e8c.png]
[cdn-cms-s.f-static.com/versions/2/css/minimize6e8c.css]
[cdn-cms-s.f-static.com/versions/2/css/websiteCSSd1bd.css]
[cdn-cms-s.f-static.com/files/frameworks/intl-tel-input-8.5.2/build/img/flags@2x.png]
[13148888a.site123.me/about-me.html]
[cdn-cms-s.f-static.com/versions/2/js/minimized7a4.js]
[13148888a.site123.me/projects.html]
[13148888a.site123.me/contact.html]
[cdn-cms-s.f-static.com/manager/site123_website/files/logos/brand_files/png-white6e8c.png]
[13148888a.site123.me/projects/site123.me]
[13148888a.site123.me/projects/churn-prediction.html]
[13148888a.site123.me/site123.html]
[cdn-cms-s.f-static.com/versions/2/css/fonts/slick.html]
[cdn-cms-s.f-static.com/versions/2/css/fonts/slickd41d.html]
[cdn-cms-s.f-static.com/versions/2/css/fonts/slick-2.html]
[cdn-cms-s.f-static.com/versions/2/css/fonts/slick-3.html]
[cdn-cms-s.f-static.com/versions/2/css/fonts/slick-4.html]
[cdn-cms-s.f-static.com/versions/2/css/owl.video.play.html]
[cdn-cms-s.f-static.com/files/colorbox/images/loading_background.html]
[cdn-cms-s.f-static.com/files/colorbox/images/loading.html]
[cdn-cms-s.f-static.com/versions/2/css/minimize6e8c.css]
[cdn-cms-s.f-static.com/versions/2/css/websiteCSSd1bd.css]
[cdn-cms-s.f-static.com/manager/site123_website/files/logos/brand_files/favicon-blue7c52.png]
[cdn-cms-s.f-static.com/versions/2/css/minimize7c52.css]
[cdn-cms-s.f-static.com/versions/2/css/websiteCSS1f78.css]
[13148888a.site123.me/about-me.html]
[13148888a.site123.me/projects.html]
[13148888a.site123.me/contact.html]
[13148888a.site123.me/projects/site123.html]
[cdn-cms-s.f-static.com/manager/site123_website/files/logos/brand_files/png-white7c52.png]
[cdn-cms-s.f-static.com/versions/2/js/minimize6e8c.js]
[cdn-cms-s.f-static.com/versions/2/css/minimize7c52.css]
[cdn-cms-s.f-static.com/versions/2/css/websiteCSS1f78.css]
[cdn-cms-s.f-static.com/versions/2/js/minimize7c52.js]
